Microchip MPLAB XC8 Compiler V2.36

Linker command line:

-W-3 --edf=C:\Program Files\Microchip\xc8\v2.36\pic\dat\en_msgs.txt -cn \
  -h+dist/default/production\Manejo.X.production.sym \
  --cmf=dist/default/production\Manejo.X.production.cmf -z -Q16F887 \
  -oC:\Users\sofio\AppData\Local\Temp\xcAsc2c.4 --defsym=__MPLAB_BUILD=1 \
  -Mdist/default/production/Manejo.X.production.map \
  --md=C:\Users\sofio\AppData\Local\Temp\xcAsc2c.dat -E1 -ver=XC8 Compiler \
  --acfsm=1493 -ACODE=00h-07FFhx4 -ASTRCODE=00h-01FFFh -ASTRING=00h-0FFhx32 \
  -ACONST=00h-0FFhx32 -AENTRY=00h-0FFhx32 -ACOMMON=070h-07Fh \
  -ABANK0=020h-06Fh -ABANK1=0A0h-0EFh -ABANK2=0110h-016Fh \
  -ABANK3=0190h-01EFh -ARAM=020h-06Fh,0A0h-0EFh,0110h-016Fh,0190h-01EFh \
  -AABS1=020h-07Fh,0A0h-0EFh,0110h-016Fh,0190h-01EFh -ASFR0=00h-01Fh \
  -ASFR1=080h-09Fh -ASFR2=0100h-010Fh -ASFR3=0180h-018Fh \
  -ACONFIG=02007h-02008h -DCONFIG=2 -AIDLOC=02000h-02003h -DIDLOC=2 \
  -AEEDATA=00h-0FFh/02100h -peeprom_data=EEDATA -DEEDATA=2 -DCODE=2 \
  -DSTRCODE=2 -DSTRING=2 -DCONST=2 -DENTRY=2 \
  -preset_vec=00h,intentry,init,end_init -ppowerup=CODE -pcinit=CODE \
  -pfunctab=ENTRY -k C:\Users\sofio\AppData\Local\Temp\xcAsc2c.o \
  dist/default/production\Manejo.X.production.o 

Object code version is 3.11

Machine type is 16F887



                Name                               Link     Load   Length Selector   Space Scale
C:\Users\sofio\AppData\Local\Temp\xcAsc2c.o
                end_init                              0        0        3        0       0
                config                             2007     2007        2        0       4
dist/default/production\Manejo.X.production.o
                cinit                               7E7      7E7       19      FCE       0
                config                             2007     2007        2        0       4
                text18                              F9C      F9C        4     1F38       0
                text17                              FA0      FA0        4     1F40       0
                text16                              FE3      FE3       1D     1FC6       0
                text15                               D6       D6       22      1AC       0
                text14                              FC9      FC9       1A     1F92       0
                text13                               C9       C9        D      192       0
                text12                              266      266       5D      4CC       0
                text11                              214      214       52      428       0
                text10                              11D      11D       37      23A       0
                text9                               18E      18E       42      31C       0
                text8                               2C3      2C3       A2      586       0
                text7                               FA4      FA4        4     1F48       0
                text6                                C5       C5        4      18A       0
                text5                               FB0      FB0       19     1F60       0
                text4                                F8       F8       25      1F0       0
                text3                               1D0      1D0       44      3A0       0
                text2                               154      154       3A      2A8       0
                text1                               365      365       E8      6CA       0
                maintext                            44D      44D      39A      89A       0
                cstackBANK0                          20       20       25       20       1
                cstackCOMMON                         70       70        E       70       1
                clrtext                             FA8      FA8        8     1F50       0
                dataBANK0                            59       59        2       20       1
                bssBANK0                             45       45       14       20       1
                strings                               3        3       BF        6       0
                idataBANK0                           C3       C3        2      186       0

TOTAL           Name                               Link     Load   Length     Space
        CLASS   CODE           
                end_init                              0        0        3         0
                cinit                               7E7      7E7       19         0
                text18                              F9C      F9C        4         0
                text17                              FA0      FA0        4         0
                text16                              FE3      FE3       1D         0
                text15                               D6       D6       22         0
                text14                              FC9      FC9       1A         0
                text13                               C9       C9        D         0
                text12                              266      266       5D         0
                text11                              214      214       52         0
                text10                              11D      11D       37         0
                text9                               18E      18E       42         0
                text8                               2C3      2C3       A2         0
                text7                               FA4      FA4        4         0
                text6                                C5       C5        4         0
                text5                               FB0      FB0       19         0
                text4                                F8       F8       25         0
                text3                               1D0      1D0       44         0
                text2                               154      154       3A         0
                text1                               365      365       E8         0
                maintext                            44D      44D      39A         0
                clrtext                             FA8      FA8        8         0
                idataBANK0                           C3       C3        2         0

        CLASS   STRCODE        

        CLASS   STRING         
                strings                               3        3       BF         0

        CLASS   CONST          

        CLASS   ENTRY          

        CLASS   COMMON         
                cstackCOMMON                         70       70        E         1

        CLASS   BANK0          
                cstackBANK0                          20       20       25         1
                dataBANK0                            59       59        2         1
                bssBANK0                             45       45       14         1

        CLASS   BANK1          

        CLASS   BANK2          

        CLASS   BANK3          

        CLASS   RAM            

        CLASS   ABS1           
                abs_s1                               7E       7E        2         1

        CLASS   SFR0           

        CLASS   SFR1           

        CLASS   SFR2           

        CLASS   SFR3           

        CLASS   CONFIG         
                config                             2007     2007        2         4

        CLASS   IDLOC          

        CLASS   EEDATA         

        CLASS   STACK          



SEGMENTS        Name                           Load    Length   Top    Selector   Space  Class     Delta

                reset_vec                      000000  000003  000003         0       0  CODE        2
                strings                        000003  0000BF  0000C2         6       0  STRING      2
                cstackBANK0                    000020  00003B  00005B        20       1  BANK0       1
                cstackCOMMON                   000070  00000E  00007E        70       1  COMMON      1
                idataBANK0                     0000C3  000002  0000C5       186       0  CODE        2
                text6                          0000C5  000004  0000C9       18A       0  CODE        2
                text13                         0000C9  00000D  0000D6       192       0  CODE        2
                text15                         0000D6  000022  0000F8       1AC       0  CODE        2
                text4                          0000F8  000025  00011D       1F0       0  CODE        2
                text10                         00011D  000037  000154       23A       0  CODE        2
                text2                          000154  00003A  00018E       2A8       0  CODE        2
                text9                          00018E  000042  0001D0       31C       0  CODE        2
                text3                          0001D0  000044  000214       3A0       0  CODE        2
                text11                         000214  000052  000266       428       0  CODE        2
                text12                         000266  00005D  0002C3       4CC       0  CODE        2
                text8                          0002C3  0000A2  000365       586       0  CODE        2
                text1                          000365  0000E8  00044D       6CA       0  CODE        2
                maintext                       00044D  00039A  0007E7       89A       0  CODE        2
                cinit                          0007E7  000019  000800       FCE       0  CODE        2
                text18                         000F9C  000004  000FA0      1F38       0  CODE        2
                text17                         000FA0  000004  000FA4      1F40       0  CODE        2
                text7                          000FA4  000004  000FA8      1F48       0  CODE        2
                clrtext                        000FA8  000008  000FB0      1F50       0  CODE        2
                text5                          000FB0  000019  000FC9      1F60       0  CODE        2
                text14                         000FC9  00001A  000FE3      1F92       0  CODE        2
                text16                         000FE3  00001D  001000      1FC6       0  CODE        2


UNUSED ADDRESS RANGES

        Name                Unused          Largest block    Delta
        BANK0            005B-006F             15           1
        BANK1            00A0-00EF             50           1
        BANK2            0110-016F             60           1
        BANK3            0190-01EF             60           1
        CODE             00C2-00C2              1           2
                         0800-0F9B            79C
                         1000-1FFF            800
        CONST            00C2-00C2              1           2
                         0800-0F9B            100
                         1000-1FFF            100
        EEDATA           2100-21FF            100           2
        ENTRY            00C2-00C2              1           2
                         0800-0F9B            100
                         1000-1FFF            100
        IDLOC            2000-2003              4           2
        RAM              005B-006F             15           1
                         00A0-00EF             50
                         0110-016F             60
                         0190-01EF             60
        SFR0             0000-001F             20           1
        SFR1             0080-009F             20           1
        SFR2             0100-010F             10           1
        SFR3             0180-018F             10           1
        STRCODE          00C2-00C2              1           2
                         0800-0F9B            79C
                         1000-1FFF           1000
        STRING           00C2-00C2              1           2
                         0800-0F9B            100
                         1000-1FFF            100

                                  Symbol Table

?___lwdiv                 cstackCOMMON 0070
?___lwmod                 cstackCOMMON 0078
?___wmul                  cstackCOMMON 0070
?_sprintf                 cstackBANK0  0020
Lcd_Cmd@a                 cstackCOMMON 0073
Lcd_Port@a                cstackCOMMON 0070
Lcd_Set_Cursor@a          cstackCOMMON 0077
Lcd_Set_Cursor@b          cstackCOMMON 0074
Lcd_Set_Cursor@temp       cstackCOMMON 007A
Lcd_Set_Cursor@y          cstackCOMMON 0079
Lcd_Set_Cursor@z          cstackCOMMON 0078
Lcd_Write_Char@a          cstackCOMMON 0074
Lcd_Write_Char@temp       cstackCOMMON 0072
Lcd_Write_Char@y          cstackCOMMON 0073
Lcd_Write_String@a        cstackCOMMON 0075
Lcd_Write_String@i        cstackCOMMON 007A
_Apagar_Rojo              text18       0F9C
_Apagar_Verde             text17       0FA0
_Bandera                  bssBANK0     0047
_Bloqueo                  text16       0FE3
_Clave                    bssBANK0     004B
_Lcd_Clear                text13       00C9
_Lcd_Cmd                  text14       0FC9
_Lcd_Init                 text12       0266
_Lcd_Port                 text15       00D6
_Lcd_Set_Cursor           text11       0214
_Lcd_Write_Char           text10       011D
_Lcd_Write_String         text9        018E
_Leer_tecla               text8        02C3
_PORTB                    (abs)        0006
_PORTC                    (abs)        0007
_PORTD                    (abs)        0008
_Prender_Rojo             text7        0FA4
_Prender_Verde            text6        00C5
_RB4                      (abs)        0034
_RB5                      (abs)        0035
_RB6                      (abs)        0036
_RC0                      (abs)        0038
_RC1                      (abs)        0039
_RC2                      (abs)        003A
_RD2                      (abs)        0042
_RD3                      (abs)        0043
_RD4                      (abs)        0044
_RD5                      (abs)        0045
_RD6                      (abs)        0046
_RD7                      (abs)        0047
_Sonar                    text5        0FB0
_TRISB                    (abs)        0086
_TRISC                    (abs)        0087
_TRISD                    (abs)        0088
_Tecla                    bssBANK0     0049
_True                     bssBANK0     0055
_Try                      bssBANK0     0057
_X                        bssBANK0     0053
_XC                       bssBANK0     004F
_XD                       bssBANK0     0051
_XM                       bssBANK0     004D
__Habs1                   abs1         0000
__Hbank0                  bank0        0000
__Hbank1                  bank1        0000
__Hbank2                  bank2        0000
__Hbank3                  bank3        0000
__HbssBANK0               bssBANK0     0000
__Hcinit                  cinit        0800
__Hclrtext                clrtext      0000
__Hcode                   code         0000
__Hcommon                 common       0000
__Hconfig                 config       2009
__HcstackBANK0            cstackBANK0  0000
__HcstackCOMMON           cstackCOMMON 0000
__HdataBANK0              dataBANK0    0000
__Heeprom_data            eeprom_data  0000
__Hend_init               end_init     0003
__Hfunctab                functab      0000
__HidataBANK0             idataBANK0   0000
__Hinit                   init         0000
__Hintentry               intentry     0000
__Hmaintext               maintext     0000
__Hpowerup                powerup      0000
__Hram                    ram          0000
__Hreset_vec              reset_vec    0000
__Hsfr0                   sfr0         0000
__Hsfr1                   sfr1         0000
__Hsfr2                   sfr2         0000
__Hsfr3                   sfr3         0000
__Hspace_0                (abs)        1000
__Hspace_1                (abs)        007E
__Hspace_2                (abs)        0000
__Hspace_3                (abs)        0000
__Hspace_4                (abs)        4010
__Hstack                  stack        0000
__Hstrings                strings      0000
__Htext                   text         0000
__Labs1                   abs1         0000
__Lbank0                  bank0        0000
__Lbank1                  bank1        0000
__Lbank2                  bank2        0000
__Lbank3                  bank3        0000
__LbssBANK0               bssBANK0     0000
__Lcinit                  cinit        07E7
__Lclrtext                clrtext      0000
__Lcode                   code         0000
__Lcommon                 common       0000
__Lconfig                 config       0000
__LcstackBANK0            cstackBANK0  0000
__LcstackCOMMON           cstackCOMMON 0000
__LdataBANK0              dataBANK0    0000
__Leeprom_data            eeprom_data  0000
__Lend_init               end_init     0000
__Lfunctab                functab      0000
__LidataBANK0             idataBANK0   0000
__Linit                   init         0000
__Lintentry               intentry     0000
__Lmaintext               maintext     0000
__Lpowerup                powerup      0000
__Lram                    ram          0000
__Lreset_vec              reset_vec    0000
__Lsfr0                   sfr0         0000
__Lsfr1                   sfr1         0000
__Lsfr2                   sfr2         0000
__Lsfr3                   sfr3         0000
__Lspace_0                (abs)        0000
__Lspace_1                (abs)        0000
__Lspace_2                (abs)        0000
__Lspace_3                (abs)        0000
__Lspace_4                (abs)        0000
__Lstack                  stack        0000
__Lstrings                strings      0000
__Ltext                   text         0000
__S0                      (abs)        1000
__S1                      (abs)        007E
__S3                      (abs)        0000
___int_sp                 stack        0000
___latbits                (abs)        0002
___lwdiv                  text3        01D0
___lwdiv@counter          cstackCOMMON 0077
___lwdiv@dividend         cstackCOMMON 0072
___lwdiv@divisor          cstackCOMMON 0070
___lwdiv@quotient         cstackCOMMON 0075
___lwmod                  text2        0154
___lwmod@counter          cstackCOMMON 007D
___lwmod@dividend         cstackCOMMON 007A
___lwmod@divisor          cstackCOMMON 0078
___sp                     stack        0000
___stackhi                (abs)        0000
___stacklo                (abs)        0000
___wmul                   text4        00F8
___wmul@multiplicand      cstackCOMMON 0072
___wmul@multiplier        cstackCOMMON 0070
___wmul@product           cstackCOMMON 0074
__end_of_Apagar_Rojo      text18       0FA0
__end_of_Apagar_Verde     text17       0FA4
__end_of_Bloqueo          text16       1000
__end_of_Lcd_Clear        text13       00D6
__end_of_Lcd_Cmd          text14       0FE3
__end_of_Lcd_Init         text12       02C3
__end_of_Lcd_Port         text15       00F8
__end_of_Lcd_Set_Cursor   text11       0266
__end_of_Lcd_Write_Char   text10       0154
__end_of_Lcd_Write_String text9        01D0
__end_of_Leer_tecla       text8        0365
__end_of_Prender_Rojo     text7        0FA8
__end_of_Prender_Verde    text6        00C9
__end_of_Sonar            text5        0FC9
__end_of___lwdiv          text3        0214
__end_of___lwmod          text2        018E
__end_of___wmul           text4        011D
__end_of__initialization  cinit        07FC
__end_of__stringtab       strings      0013
__end_of_dpowers          strings      001D
__end_of_main             maintext     07E7
__end_of_sprintf          text1        044D
__initialization          cinit        07E7
__pbssBANK0               bssBANK0     0045
__pcstackBANK0            cstackBANK0  0020
__pcstackCOMMON           cstackCOMMON 0070
__pdataBANK0              dataBANK0    0059
__pidataBANK0             idataBANK0   00C3
__pmaintext               maintext     044D
__pstrings                strings      0003
__ptext1                  text1        0365
__ptext10                 text10       011D
__ptext11                 text11       0214
__ptext12                 text12       0266
__ptext13                 text13       00C9
__ptext14                 text14       0FC9
__ptext15                 text15       00D6
__ptext16                 text16       0FE3
__ptext17                 text17       0FA0
__ptext18                 text18       0F9C
__ptext2                  text2        0154
__ptext3                  text3        01D0
__ptext4                  text4        00F8
__ptext5                  text5        0FB0
__ptext6                  text6        00C5
__ptext7                  text7        0FA4
__ptext8                  text8        02C3
__ptext9                  text9        018E
__stringbase              strings      0012
__stringtab               strings      0003
_dpowers                  strings      0013
_main                     maintext     044D
_sprintf                  text1        0365
_x                        bssBANK0     0045
btemp                     (abs)        007E
clear_ram0                clrtext      0FA8
end_of_initialization     cinit        07FC
intlevel0                 functab      0000
intlevel1                 functab      0000
intlevel2                 functab      0000
intlevel3                 functab      0000
intlevel4                 functab      0000
intlevel5                 functab      0000
main@Cadena               cstackBANK0  0031
reset_vec                 reset_vec    0000
sprintf@ap                cstackBANK0  0026
sprintf@c                 cstackBANK0  002C
sprintf@f                 cstackBANK0  0020
sprintf@flag              cstackBANK0  0027
sprintf@prec              cstackBANK0  0028
sprintf@sp                cstackBANK0  002B
sprintf@val               cstackBANK0  0029
start                     init         0000
start_initialization      cinit        07E7
wtemp0                    (abs)        007E


MODULE INFORMATION

Module		Function		Class		Link	Load	Size
C:\Program Files\Microchip\xc8\v2.36\pic\sources\c90\common\doprnt.c
		_sprintf       		CODE           	0365	0000	232

C:\Program Files\Microchip\xc8\v2.36\pic\sources\c90\common\doprnt.c estimated size: 232

C:\Program Files\Microchip\xc8\v2.36\pic\sources\c90\common\lwmod.c
		___lwmod       		CODE           	0154	0000	58

C:\Program Files\Microchip\xc8\v2.36\pic\sources\c90\common\lwmod.c estimated size: 58

teclado.c
		_Leer_tecla    		CODE           	02C3	0000	162

teclado.c estimated size: 162

C:\Program Files\Microchip\xc8\v2.36\pic\sources\c90\common\Umul16.c
		___wmul        		CODE           	00F8	0000	37

C:\Program Files\Microchip\xc8\v2.36\pic\sources\c90\common\Umul16.c estimated size: 37

C:\Program Files\Microchip\xc8\v2.36\pic\sources\c90\common\lwdiv.c
		___lwdiv       		CODE           	01D0	0000	68

C:\Program Files\Microchip\xc8\v2.36\pic\sources\c90\common\lwdiv.c estimated size: 68

shared
		__stringtab    		STRING         	0003	0000	16
		_dpowers       		STRING         	0013	0000	10
		__initialization		CODE           	07E7	0000	21

shared estimated size: 47

lcd.c
		_Lcd_Write_String		CODE           	018E	0000	66
		_Lcd_Init      		CODE           	0266	0000	93
		_Lcd_Write_Char		CODE           	011D	0000	55
		_Lcd_Cmd       		CODE           	0FC9	0000	26
		_Lcd_Set_Cursor		CODE           	0214	0000	82
		_Lcd_Clear     		CODE           	00C9	0000	13
		_Lcd_Port      		CODE           	00D6	0000	34

lcd.c estimated size: 369

main.c
		_Sonar         		CODE           	0FB0	0000	25
		_main          		CODE           	044D	0000	922
		_Apagar_Rojo   		CODE           	0F9C	0000	4
		_Apagar_Verde  		CODE           	0FA0	0000	4
		_Prender_Rojo  		CODE           	0FA4	0000	4
		_Prender_Verde 		CODE           	00C5	0000	4
		_Bloqueo       		CODE           	0FE3	0000	29

main.c estimated size: 992

